Copyright 1986-2017 Xilinx, Inc. All Rights Reserved.
---------------------------------------------------------------------------------------------------
| Tool Version : Vivado v.2017.3 (lin64) Build 2018833 Wed Oct  4 19:58:07 MDT 2017
| Date         : Mon Jun  3 02:03:19 2019
| Host         : travis-job-29db27ef-48c1-4438-b6c9-b7f4e5eb9f4e running 64-bit Ubuntu 14.04.5 LTS
| Command      : report_utilization -hierarchical -file top_utilization_hierarchical_synth.rpt
| Design       : top
| Device       : 7a35tcsg324-1
| Design State : Synthesized
---------------------------------------------------------------------------------------------------

Utilization Design Information

Table of Contents
-----------------
1. Utilization by Hierarchy

1. Utilization by Hierarchy
---------------------------

+----------------+-------------------+------------+------------+---------+------+------+--------+--------+--------------+
|    Instance    |       Module      | Total LUTs | Logic LUTs | LUTRAMs | SRLs |  FFs | RAMB36 | RAMB18 | DSP48 Blocks |
+----------------+-------------------+------------+------------+---------+------+------+--------+--------+--------------+
| top            |             (top) |       5164 |       4890 |     272 |    2 | 4079 |     18 |     27 |            0 |
|   (top)        |             (top) |       2740 |       2554 |     184 |    2 | 2910 |     18 |     27 |            0 |
|   picorv32     |          picorv32 |       2424 |       2336 |      88 |    0 | 1169 |      0 |      0 |            0 |
|     (picorv32) |          picorv32 |       1776 |       1688 |      88 |    0 |  714 |      0 |      0 |            0 |
|     pcpi_div   | picorv32_pcpi_div |        390 |        390 |       0 |    0 |  200 |      0 |      0 |            0 |
|     pcpi_mul   | picorv32_pcpi_mul |        258 |        258 |       0 |    0 |  255 |      0 |      0 |            0 |
+----------------+-------------------+------------+------------+---------+------+------+--------+--------+--------------+


